Clippy (chunked) on data/CLIP/PRPF8_merged.xl.bed
  chromosomes: 25   params: -n 60 -x 2.0 -mx 3.0 -w 0.5 -mg 5 -t 2

  chr1     1584514 crosslinks ... 29680 peaks
  chr10     560779 crosslinks ... 11552 peaks
  chr11     886085 crosslinks ... 14209 peaks
  chr12     795029 crosslinks ... 14713 peaks
  chr13     244997 crosslinks ... 5196 peaks
  chr14     452318 crosslinks ... 8643 peaks
  chr15     451871 crosslinks ... 10154 peaks
  chr16     905947 crosslinks ... 14272 peaks
  chr17    1071075 crosslinks ... 17751 peaks
  chr18     202988 crosslinks ... 4385 peaks
  chr19    1081662 crosslinks ... 15698 peaks
  chr2     1178427 crosslinks ... 22933 peaks
  chr20     561335 crosslinks ... 8412 peaks
  chr21     208126 crosslinks ... 3643 peaks
  chr22     467085 crosslinks ... 7775 peaks
  chr3      884380 crosslinks ... 16920 peaks
  chr4      505066 crosslinks ... 10168 peaks
  chr5      649521 crosslinks ... 12920 peaks
  chr6      844553 crosslinks ... 15029 peaks
  chr7      849584 crosslinks ... 16135 peaks
  chr8      530294 crosslinks ... 9866 peaks
  chr9      671011 crosslinks ... 12030 peaks
  chrM       12770 crosslinks ... 4 peaks
  chrX      444344 crosslinks ... 8070 peaks
  chrY        9223 crosslinks ... 173 peaks

      290331  data/CLIP/PRPF8_clippy_w0.5_rollmean60_minHeightAdjust3.0_minPromAdjust2.0_minGeneCount5_Peaks.bed
     1871360  data/CLIP/PRPF8_clippy_w0.5_rollmean60_minHeightAdjust3.0_minPromAdjust2.0_minGeneCount5_Summits.bed
