Clippy (chunked) on data/CLIP/PRPF8_merged.xl.bed
  chromosomes: 25   params: -n 100 -x 2.0 -mx 3.0 -w 0.5 -mg 5 -t 2

  chr1     1584514 crosslinks ... 22098 peaks
  chr10     560779 crosslinks ... 9347 peaks
  chr11     886085 crosslinks ... 10566 peaks
  chr12     795029 crosslinks ... 11060 peaks
  chr13     244997 crosslinks ... 4333 peaks
  chr14     452318 crosslinks ... 6771 peaks
  chr15     451871 crosslinks ... 8071 peaks
  chr16     905947 crosslinks ... 10100 peaks
  chr17    1071075 crosslinks ... 12767 peaks
  chr18     202988 crosslinks ... 3452 peaks
  chr19    1081662 crosslinks ... 10766 peaks
  chr2     1178427 crosslinks ... 17791 peaks
  chr20     561335 crosslinks ... 5793 peaks
  chr21     208126 crosslinks ... 2706 peaks
  chr22     467085 crosslinks ... 5727 peaks
  chr3      884380 crosslinks ... 13049 peaks
  chr4      505066 crosslinks ... 8105 peaks
  chr5      649521 crosslinks ... 9813 peaks
  chr6      844553 crosslinks ... 11675 peaks
  chr7      849584 crosslinks ... 12651 peaks
  chr8      530294 crosslinks ... 8024 peaks
  chr9      671011 crosslinks ... 9089 peaks
  chrM       12770 crosslinks ... 2 peaks
  chrX      444344 crosslinks ... 6255 peaks
  chrY        9223 crosslinks ... 153 peaks

      220164  data/CLIP/PRPF8_clippy_w0.5_rollmean100_minHeightAdjust3.0_minPromAdjust2.0_minGeneCount5_Peaks.bed
     1237524  data/CLIP/PRPF8_clippy_w0.5_rollmean100_minHeightAdjust3.0_minPromAdjust2.0_minGeneCount5_Summits.bed
