Clippy (chunked) on data/CLIP/PRPF8_merged.xl.bed
  chromosomes: 25   params: -n 40 -x 2.0 -mx 3.0 -w 0.5 -mg 5 -t 2

  chr1     1584514 crosslinks ... 35853 peaks
  chr10     560779 crosslinks ... 13277 peaks
  chr11     886085 crosslinks ... 17656 peaks
  chr12     795029 crosslinks ... 17684 peaks
  chr13     244997 crosslinks ... 5734 peaks
  chr14     452318 crosslinks ... 9837 peaks
  chr15     451871 crosslinks ... 11620 peaks
  chr16     905947 crosslinks ... 18152 peaks
  chr17    1071075 crosslinks ... 21692 peaks
  chr18     202988 crosslinks ... 5084 peaks
  chr19    1081662 crosslinks ... 20277 peaks
  chr2     1178427 crosslinks ... 26722 peaks
  chr20     561335 crosslinks ... 10738 peaks
  chr21     208126 crosslinks ... 4439 peaks
  chr22     467085 crosslinks ... 9776 peaks
  chr3      884380 crosslinks ... 19574 peaks
  chr4      505066 crosslinks ... 11685 peaks
  chr5      649521 crosslinks ... 15108 peaks
  chr6      844553 crosslinks ... 17592 peaks
  chr7      849584 crosslinks ... 18522 peaks
  chr8      530294 crosslinks ... 11355 peaks
  chr9      671011 crosslinks ... 14327 peaks
  chrM       12770 crosslinks ... 16 peaks
  chrX      444344 crosslinks ... 9127 peaks
  chrY        9223 crosslinks ... 184 peaks

      346031  data/CLIP/PRPF8_clippy_w0.5_rollmean40_minHeightAdjust3.0_minPromAdjust2.0_minGeneCount5_Peaks.bed
     2531888  data/CLIP/PRPF8_clippy_w0.5_rollmean40_minHeightAdjust3.0_minPromAdjust2.0_minGeneCount5_Summits.bed
