Clippy (chunked) on data/CLIP/PRPF8_merged.xl.bed
  chromosomes: 25   params: -n 80 -x 2.0 -mx 3.0 -w 0.5 -mg 5 -t 2

  chr1     1584514 crosslinks ... 25157 peaks
  chr10     560779 crosslinks ... 10184 peaks
  chr11     886085 crosslinks ... 11977 peaks
  chr12     795029 crosslinks ... 12565 peaks
  chr13     244997 crosslinks ... 4707 peaks
  chr14     452318 crosslinks ... 7573 peaks
  chr15     451871 crosslinks ... 8978 peaks
  chr16     905947 crosslinks ... 11786 peaks
  chr17    1071075 crosslinks ... 15036 peaks
  chr18     202988 crosslinks ... 3875 peaks
  chr19    1081662 crosslinks ... 12828 peaks
  chr2     1178427 crosslinks ... 20050 peaks
  chr20     561335 crosslinks ... 6732 peaks
  chr21     208126 crosslinks ... 3054 peaks
  chr22     467085 crosslinks ... 6558 peaks
  chr3      884380 crosslinks ... 14789 peaks
  chr4      505066 crosslinks ... 9051 peaks
  chr5      649521 crosslinks ... 11129 peaks
  chr6      844553 crosslinks ... 13065 peaks
  chr7      849584 crosslinks ... 14126 peaks
  chr8      530294 crosslinks ... 8733 peaks
  chr9      671011 crosslinks ... 10323 peaks
  chrM       12770 crosslinks ... 2 peaks
  chrX      444344 crosslinks ... 7006 peaks
  chrY        9223 crosslinks ... 166 peaks

      249450  data/CLIP/PRPF8_clippy_w0.5_rollmean80_minHeightAdjust3.0_minPromAdjust2.0_minGeneCount5_Peaks.bed
     1481991  data/CLIP/PRPF8_clippy_w0.5_rollmean80_minHeightAdjust3.0_minPromAdjust2.0_minGeneCount5_Summits.bed
