Clippy (chunked) on data/CLIP/PRPF8_merged.xl.bed
  chromosomes: 25   params: -n 80 -x 3.0 -mx 3.0 -w 0.5 -mg 5 -t 2

  chr1     1584514 crosslinks ... 22896 peaks
  chr10     560779 crosslinks ... 9464 peaks
  chr11     886085 crosslinks ... 10794 peaks
  chr12     795029 crosslinks ... 11440 peaks
  chr13     244997 crosslinks ... 4432 peaks
  chr14     452318 crosslinks ... 7025 peaks
  chr15     451871 crosslinks ... 8354 peaks
  chr16     905947 crosslinks ... 10472 peaks
  chr17    1071075 crosslinks ... 13475 peaks
  chr18     202988 crosslinks ... 3625 peaks
  chr19    1081662 crosslinks ... 11184 peaks
  chr2     1178427 crosslinks ... 18488 peaks
  chr20     561335 crosslinks ... 5954 peaks
  chr21     208126 crosslinks ... 2771 peaks
  chr22     467085 crosslinks ... 5844 peaks
  chr3      884380 crosslinks ... 13609 peaks
  chr4      505066 crosslinks ... 8438 peaks
  chr5      649521 crosslinks ... 10230 peaks
  chr6      844553 crosslinks ... 12017 peaks
  chr7      849584 crosslinks ... 13036 peaks
  chr8      530294 crosslinks ... 8084 peaks
  chr9      671011 crosslinks ... 9397 peaks
  chrM       12770 crosslinks ... 1 peaks
  chrX      444344 crosslinks ... 6462 peaks
  chrY        9223 crosslinks ... 159 peaks

      227651  data/CLIP/PRPF8_clippy_w0.5_rollmean80_minHeightAdjust3.0_minPromAdjust3.0_minGeneCount5_Peaks.bed
     1361885  data/CLIP/PRPF8_clippy_w0.5_rollmean80_minHeightAdjust3.0_minPromAdjust3.0_minGeneCount5_Summits.bed
