== Wide file check
Wide_canonical (untracked) is byte-identical to tracked Wide_Canonical
== step 2 split
protein-coding SpliceAI sites : 550282   (data/Decoys/spliceai_05min_proteincoding.bed)
canonical splice-site windows : 192965   (data/Decoys/Wide_canonical_splice_sites.bed)

  deep intronic (-v)                   367089  results/deep_intronic_splice_sites.bed
  exonic borders (count>0)             183193  results/exonic_splice_sites.bed
  annotated full set (-c)              550282  results/proteincoding_splice_sites.bed

  partition OK: 367089 + 183193 = 550282

Next: knit scripts/decoy_exon_overlaps.Rmd again - Part 2 removes exon overlaps from results/deep_intronic_splice_sites.bed
== knit decoy_exon_overlaps.Rmd (Part 1 + Part 2)
Fri Sep 11 16:17:24 BST 2026
Fri Sep 11 16:21:32 BST 2026
== step 3 CLIP intersect
SpliceAI input : data/Decoys/deep_intronic_noexon_splice_sites.bed (289640 sites)
  category RBPNET: data/Decoys/rbpnet_clippy_f50_rollmean10_minHeightAdjust1.0_minPromAdjust1.0_minGeneCount5_Peaks.bed (242946 features)
  category PRPF8: data/CLIP/PRPF8_clippy_w0.5_rollmean80_minHeightAdjust3.0_minPromAdjust3.0_minGeneCount5_Peaks.bed (227651 features)
  category SmB: data/CLIP/SmB_clippy_n40_w0.5_rollmean40_minHeightAdjust8.0_minPromAdjust5.0_minGeneCount5_Peaks.bed (152983 features)

=== window +/- 0 nt ===
    RBPNET: 9526 sites supported
    PRPF8: 6805 sites supported
    SmB: 5668 sites supported
    UNION supported: 19942 / 289640 (6.9%)  -> results/clip_support_w0.bed
    NO support:      269698 / 289640            -> results/clip_support_w0_nohits.bed
    supported by >=2 categories: 1865

summary -> results/clip_support_summary.tsv
window_nt  spliceai_in  supported  pct  RBPNET  PRPF8  SmB   any_two_plus
0          289640       19942      6.9  9526    6805   5668  1865
   19942 results/decoys.bed
  269698 results/cryptic_sites.bed
  289640 total
DONE
