2026-08-24 13:54:25.005736: I tensorflow/tsl/cuda/cudart_stub.cc:28] Could not find cuda drivers on your machine, GPU will not be used.
2026-08-24 13:54:25.513859: I tensorflow/tsl/cuda/cudart_stub.cc:28] Could not find cuda drivers on your machine, GPU will not be used.
2026-08-24 13:54:25.515781: I tensorflow/core/platform/cpu_feature_guard.cc:182] This TensorFlow binary is optimized to use available CPU instructions in performance-critical operations.
To enable the following instructions: AVX2 FMA, in other operations, rebuild TensorFlow with the appropriate compiler flags.
2026-08-24 13:54:27.660375: W tensorflow/compiler/tf2tensorrt/utils/py_utils.cc:38] TF-TRT Warning: Could not find TensorRT
2026-08-24 13:54:30.396669: I tensorflow/compiler/xla/stream_executor/cuda/cuda_gpu_executor.cc:981] could not open file to read NUMA node: /sys/bus/pci/devices/0000:01:00.0/numa_node
Your kernel may have been built without NUMA support.
2026-08-24 13:54:30.399047: W tensorflow/core/common_runtime/gpu/gpu_device.cc:1960] Cannot dlopen some GPU libraries. Please make sure the missing libraries mentioned above are installed properly if you would like to use GPU. Follow the guide at https://www.tensorflow.org/install/gpu for how to download and setup the required libraries for your platform.
Skipping registering GPU devices...
scripts/SpliceAI_Inference.py:10: DeprecationWarning: pkg_resources is deprecated as an API. See https://setuptools.pypa.io/en/latest/pkg_resources.html
  from pkg_resources import resource_filename
resuming: 7936 scores already computed
sequences: 19945  batch size: 64
  scored 64/12009 (0.5%)
  scored 128/12009 (1.1%)
  scored 192/12009 (1.6%)
  scored 256/12009 (2.1%)
  scored 320/12009 (2.7%)
  scored 384/12009 (3.2%)
  scored 448/12009 (3.7%)
  scored 512/12009 (4.3%)
  scored 576/12009 (4.8%)
  scored 640/12009 (5.3%)
  scored 704/12009 (5.9%)
  scored 768/12009 (6.4%)
  scored 832/12009 (6.9%)
  scored 896/12009 (7.5%)
  scored 960/12009 (8.0%)
  scored 1024/12009 (8.5%)
  scored 1088/12009 (9.1%)
  scored 1152/12009 (9.6%)
  scored 1216/12009 (10.1%)
  scored 1280/12009 (10.7%)
  scored 1344/12009 (11.2%)
  scored 1408/12009 (11.7%)
  scored 1472/12009 (12.3%)
  scored 1536/12009 (12.8%)
  scored 1600/12009 (13.3%)
  scored 1664/12009 (13.9%)
  scored 1728/12009 (14.4%)
  scored 1792/12009 (14.9%)
  scored 1856/12009 (15.5%)
  scored 1920/12009 (16.0%)
  scored 1984/12009 (16.5%)
  scored 2048/12009 (17.1%)
  scored 2112/12009 (17.6%)
  scored 2176/12009 (18.1%)
  scored 2240/12009 (18.7%)
  scored 2304/12009 (19.2%)
  scored 2368/12009 (19.7%)
  scored 2432/12009 (20.3%)
  scored 2496/12009 (20.8%)
  scored 2560/12009 (21.3%)
  scored 2624/12009 (21.9%)
  scored 2688/12009 (22.4%)
  scored 2752/12009 (22.9%)
  scored 2816/12009 (23.4%)
  scored 2880/12009 (24.0%)
  scored 2944/12009 (24.5%)
  scored 3008/12009 (25.0%)
  scored 3072/12009 (25.6%)
  scored 3136/12009 (26.1%)
  scored 3200/12009 (26.6%)
  scored 3264/12009 (27.2%)
  scored 3328/12009 (27.7%)
  scored 3392/12009 (28.2%)
  scored 3456/12009 (28.8%)
  scored 3520/12009 (29.3%)
  scored 3584/12009 (29.8%)
  scored 3648/12009 (30.4%)
  scored 3712/12009 (30.9%)
  scored 3776/12009 (31.4%)
  scored 3840/12009 (32.0%)
  scored 3904/12009 (32.5%)
  scored 3968/12009 (33.0%)
  scored 4032/12009 (33.6%)
  scored 4096/12009 (34.1%)
  scored 4160/12009 (34.6%)
  scored 4224/12009 (35.2%)
  scored 4288/12009 (35.7%)
  scored 4352/12009 (36.2%)
  scored 4416/12009 (36.8%)
  scored 4480/12009 (37.3%)
  scored 4544/12009 (37.8%)
  scored 4608/12009 (38.4%)
  scored 4672/12009 (38.9%)
  scored 4736/12009 (39.4%)
  scored 4800/12009 (40.0%)
  scored 4864/12009 (40.5%)
  scored 4928/12009 (41.0%)
  scored 4992/12009 (41.6%)
  scored 5056/12009 (42.1%)
  scored 5120/12009 (42.6%)
  scored 5184/12009 (43.2%)
  scored 5248/12009 (43.7%)
  scored 5312/12009 (44.2%)
  scored 5376/12009 (44.8%)
  scored 5440/12009 (45.3%)
  scored 5504/12009 (45.8%)
  scored 5568/12009 (46.4%)
  scored 5632/12009 (46.9%)
  scored 5696/12009 (47.4%)
  scored 5760/12009 (48.0%)
  scored 5824/12009 (48.5%)
  scored 5888/12009 (49.0%)
  scored 5952/12009 (49.6%)
  scored 6016/12009 (50.1%)
  scored 6080/12009 (50.6%)
  scored 6144/12009 (51.2%)
  scored 6208/12009 (51.7%)
  scored 6272/12009 (52.2%)
  scored 6336/12009 (52.8%)
  scored 6400/12009 (53.3%)
  scored 6464/12009 (53.8%)
  scored 6528/12009 (54.4%)
  scored 6592/12009 (54.9%)
  scored 6656/12009 (55.4%)
  scored 6720/12009 (56.0%)
  scored 6784/12009 (56.5%)
  scored 6848/12009 (57.0%)
  scored 6912/12009 (57.6%)
  scored 6976/12009 (58.1%)
  scored 7040/12009 (58.6%)
  scored 7104/12009 (59.2%)
  scored 7168/12009 (59.7%)
  scored 7232/12009 (60.2%)
  scored 7296/12009 (60.8%)
  scored 7360/12009 (61.3%)
  scored 7424/12009 (61.8%)
  scored 7488/12009 (62.4%)
  scored 7552/12009 (62.9%)
  scored 7616/12009 (63.4%)
  scored 7680/12009 (64.0%)
  scored 7744/12009 (64.5%)
  scored 7808/12009 (65.0%)
  scored 7872/12009 (65.6%)
  scored 7936/12009 (66.1%)
  scored 8000/12009 (66.6%)
  scored 8064/12009 (67.1%)
  scored 8128/12009 (67.7%)
  scored 8192/12009 (68.2%)
  scored 8256/12009 (68.7%)
  scored 8320/12009 (69.3%)
  scored 8384/12009 (69.8%)
  scored 8448/12009 (70.3%)
  scored 8512/12009 (70.9%)
  scored 8576/12009 (71.4%)
  scored 8640/12009 (71.9%)
  scored 8704/12009 (72.5%)
  scored 8768/12009 (73.0%)
  scored 8832/12009 (73.5%)
  scored 8896/12009 (74.1%)
  scored 8960/12009 (74.6%)
  scored 9024/12009 (75.1%)
  scored 9088/12009 (75.7%)
  scored 9152/12009 (76.2%)
  scored 9216/12009 (76.7%)
  scored 9280/12009 (77.3%)
  scored 9344/12009 (77.8%)
  scored 9408/12009 (78.3%)
  scored 9472/12009 (78.9%)
  scored 9536/12009 (79.4%)
  scored 9600/12009 (79.9%)
  scored 9664/12009 (80.5%)
  scored 9728/12009 (81.0%)
  scored 9792/12009 (81.5%)
  scored 9856/12009 (82.1%)
  scored 9920/12009 (82.6%)
  scored 9984/12009 (83.1%)
  scored 10048/12009 (83.7%)
  scored 10112/12009 (84.2%)
  scored 10176/12009 (84.7%)
  scored 10240/12009 (85.3%)
  scored 10304/12009 (85.8%)
  scored 10368/12009 (86.3%)
  scored 10432/12009 (86.9%)
  scored 10496/12009 (87.4%)
  scored 10560/12009 (87.9%)
  scored 10624/12009 (88.5%)
  scored 10688/12009 (89.0%)
  scored 10752/12009 (89.5%)
  scored 10816/12009 (90.1%)
  scored 10880/12009 (90.6%)
  scored 10944/12009 (91.1%)
  scored 11008/12009 (91.7%)
  scored 11072/12009 (92.2%)
  scored 11136/12009 (92.7%)
  scored 11200/12009 (93.3%)
  scored 11264/12009 (93.8%)
  scored 11328/12009 (94.3%)
  scored 11392/12009 (94.9%)
  scored 11456/12009 (95.4%)
  scored 11520/12009 (95.9%)
  scored 11584/12009 (96.5%)
  scored 11648/12009 (97.0%)
  scored 11712/12009 (97.5%)
  scored 11776/12009 (98.1%)
  scored 11840/12009 (98.6%)
  scored 11904/12009 (99.1%)
  scored 11968/12009 (99.7%)
  scored 12009/12009 (100.0%)
wrote data/Decoys/noncanonical_proteincoding_splicescores.bed
